Job Started on Tue Nov 18 07:54:18 PST 2025
Tue Nov 18 07:54:18 2025       
+-----------------------------------------------------------------------------------------+
| NVIDIA-SMI 580.65.06              Driver Version: 580.65.06      CUDA Version: 13.0     |
+-----------------------------------------+------------------------+----------------------+
| GPU  Name                 Persistence-M | Bus-Id          Disp.A | Volatile Uncorr. ECC |
| Fan  Temp   Perf          Pwr:Usage/Cap |           Memory-Usage | GPU-Util  Compute M. |
|                                         |                        |               MIG M. |
|=========================================+========================+======================|
|   0  NVIDIA H100 80GB HBM3          On  |   00000000:4C:00.0 Off |                    0 |
| N/A   22C    P0             67W /  700W |       0MiB /  81559MiB |      0%      Default |
|                                         |                        |             Disabled |
+-----------------------------------------+------------------------+----------------------+

+-----------------------------------------------------------------------------------------+
| Processes:                                                                              |
|  GPU   GI   CI              PID   Type   Process name                        GPU Memory |
|        ID   ID                                                               Usage      |
|=========================================================================================|
|  No running processes found                                                             |
+-----------------------------------------------------------------------------------------+
Hugging Face cache set to: /home/mridul01/scratch/cache
Total Parameters in Aurora Pretrained: 1256300176
Trainable Parameters in Aurora Pretrained: 1256300176
Total Parameters in Aurora Small Pretrained: 112797584
Trainable Parameters in Aurora Small Pretrained: 112797584
Total Parameters in Aurora Finetuned: 1259150992
Trainable Parameters in Aurora Finetuned: 1259150992
Total Parameters in Aurora 12h Pretrained: 1256300176
Trainable Parameters in Aurora 12h Pretrained: 1256300176
Total Parameters in Aurora HighRes 1 degree: 1201987972
Trainable Parameters in Aurora HighRes 1 degree: 1201987972
Total Parameters in Aurora Wave: 1260595520
Trainable Parameters in Aurora Wave: 1260595520
Job finished on Tue Nov 18 07:59:21 PST 2025
